2026-08-08T06:17:00.098916Z	Cloning repository...
2026-08-08T06:17:01.129685Z	From https://github.com/AdeHaze/waritaku
2026-08-08T06:17:01.130081Z	 * branch            ee3bf7ef08839cd82daa7089c8598ee9e56134f0 -> FETCH_HEAD
2026-08-08T06:17:01.130172Z	
2026-08-08T06:17:01.164224Z	HEAD is now at ee3bf7e pages
2026-08-08T06:17:01.164574Z	
2026-08-08T06:17:01.214502Z	
2026-08-08T06:17:01.214924Z	Using v2 root directory strategy
2026-08-08T06:17:01.226385Z	Success: Finished cloning repository files
2026-08-08T06:17:02.89584Z	Checking for configuration in a Wrangler configuration file (BETA)
2026-08-08T06:17:02.896259Z	
2026-08-08T06:17:02.897257Z	Found wrangler.json file. Reading build configuration...
2026-08-08T06:17:02.90302Z	pages_build_output_dir: dist
2026-08-08T06:17:02.903228Z	Build environment variables: (none found)
2026-08-08T06:17:03.057118Z	Successfully read the Wrangler configuration file.
2026-08-08T06:17:03.292695Z	Detected the following tools from environment: npm@10.9.2, nodejs@22.16.0
2026-08-08T06:17:03.293194Z	Installing project dependencies: npm clean-install --progress=false
2026-08-08T06:17:09.125851Z	npm warn deprecated @esbuild-kit/esm-loader@2.6.5: Merged into tsx: https://tsx.hirok.io
2026-08-08T06:17:09.175965Z	npm warn deprecated @esbuild-kit/core-utils@3.3.2: Merged into tsx: https://tsx.hirok.io
2026-08-08T06:17:27.22345Z	
2026-08-08T06:17:27.223766Z	added 748 packages, and audited 749 packages in 23s
2026-08-08T06:17:27.223825Z	
2026-08-08T06:17:27.223862Z	243 packages are looking for funding
2026-08-08T06:17:27.223914Z	  run `npm fund` for details
2026-08-08T06:17:27.301008Z	
2026-08-08T06:17:27.301645Z	15 vulnerabilities (10 moderate, 5 high)
2026-08-08T06:17:27.301798Z	
2026-08-08T06:17:27.30187Z	To address issues that do not require attention, run:
2026-08-08T06:17:27.301923Z	  npm audit fix
2026-08-08T06:17:27.302025Z	
2026-08-08T06:17:27.302101Z	To address all issues (including breaking changes), run:
2026-08-08T06:17:27.302153Z	  npm audit fix --force
2026-08-08T06:17:27.302233Z	
2026-08-08T06:17:27.302286Z	Run `npm audit` for details.
2026-08-08T06:17:27.374689Z	Executing user command: npm run build
2026-08-08T06:17:27.939274Z	
2026-08-08T06:17:27.939602Z	> temp-astro@0.0.1 build
2026-08-08T06:17:27.939707Z	> astro build && node scripts/cf-pages-postbuild.mjs
2026-08-08T06:17:27.939773Z	
2026-08-08T06:17:31.324422Z	[2m06:17:31[22m [34m[@astrojs/cloudflare][39m Enabling image processing with Cloudflare Images for production with the "IMAGES" Images binding.
2026-08-08T06:17:31.324772Z	[2m06:17:31[22m [34m[@astrojs/cloudflare][39m Enabling sessions with Cloudflare KV with the "SESSION" KV binding.
2026-08-08T06:17:31.870327Z	[2m06:17:31[22m [34m[types][39m Generated [2m405ms[22m
2026-08-08T06:17:31.871712Z	[2m06:17:31[22m [34m[build][39m output: [34m"server"[39m
2026-08-08T06:17:31.871939Z	[2m06:17:31[22m [34m[build][39m mode: [34m"server"[39m
2026-08-08T06:17:31.872016Z	[2m06:17:31[22m [34m[build][39m directory: [34m/opt/buildhome/repo/dist/[39m
2026-08-08T06:17:31.872084Z	[2m06:17:31[22m [34m[build][39m adapter: [32m@astrojs/cloudflare[39m
2026-08-08T06:17:31.872136Z	[2m06:17:31[22m [34m[build][39m Collecting build info...
2026-08-08T06:17:31.872513Z	[2m06:17:31[22m [34m[build][39m [32m✓ Completed in 550ms.[39m
2026-08-08T06:17:31.874851Z	[2m06:17:31[22m [34m[build][39m Building server entrypoints...
2026-08-08T06:17:32.278084Z	[2m06:17:32[22m [34m[vite][39m [32m✓ built in 353ms[39m
2026-08-08T06:17:33.577434Z	[2m06:17:33[22m [34m[vite][39m [32m✓ built in 1.30s[39m
2026-08-08T06:17:34.106892Z	[33m[1m06:17:34[22m [WARN] [vite][39m [33m[plugin builtin:vite-reporter] 
2026-08-08T06:17:34.107164Z	(!) Some chunks are larger than 500 kB after minification. Consider:
2026-08-08T06:17:34.10724Z	- Using dynamic import() to code-split the application
2026-08-08T06:17:34.10733Z	- Use build.rolldownOptions.output.codeSplitting to improve chunking: https://rolldown.rs/reference/OutputOptions.codeSplitting
2026-08-08T06:17:34.107377Z	- Adjust chunk size limit for this warning via build.chunkSizeWarningLimit.[39m
2026-08-08T06:17:34.107415Z	[2m06:17:34[22m [34m[vite][39m [32m✓ built in 524ms[39m
2026-08-08T06:17:34.118046Z	[2m06:17:34[22m [34m[build][39m Rearranging server assets...
2026-08-08T06:17:34.120968Z	[2m06:17:34[22m [34m[build][39m [32m✓ Completed in 2.25s.[39m
2026-08-08T06:17:34.12225Z	[2m06:17:34[22m [34m[@astrojs/cloudflare][39m Injected immutable Cache-Control for /_astro/* into _headers.
2026-08-08T06:17:34.122826Z	[2m06:17:34[22m [34m[build][39m Server built in [1m2.80s[22m
2026-08-08T06:17:34.123106Z	[2m06:17:34[22m [34m[build][39m [1mComplete![22m
2026-08-08T06:17:34.204775Z	✓ Generated dist/_worker.js for Cloudflare Pages compatibility
2026-08-08T06:17:34.20532Z	✓ Moved client assets to dist root
2026-08-08T06:17:34.205725Z	✓ Fixed Astro-generated wrangler.json to ensure strict Cloudflare Pages validation passes
2026-08-08T06:17:34.224069Z	Finished
2026-08-08T06:17:34.758779Z	Checking for configuration in a Wrangler configuration file (BETA)
2026-08-08T06:17:34.759228Z	
2026-08-08T06:17:34.76228Z	Using redirected Wrangler configuration.
2026-08-08T06:17:34.762488Z	 - Configuration being used: "../../../buildhome/repo/dist/server/wrangler.json"
2026-08-08T06:17:34.762665Z	 - Original user's configuration: "../../../buildhome/repo/wrangler.jsonc"
2026-08-08T06:17:34.762828Z	 - Deploy configuration file: "../../../buildhome/repo/.wrangler/deploy/config.json"
2026-08-08T06:17:34.76295Z	Found wrangler.json file. Reading build configuration...
2026-08-08T06:17:34.766991Z	pages_build_output_dir: dist
2026-08-08T06:17:34.767148Z	Build environment variables: (none found)
2026-08-08T06:17:34.893885Z	Successfully read the Wrangler configuration file.
2026-08-08T06:17:34.894631Z	Found _worker.js in output directory. Uploading.
2026-08-08T06:17:34.899466Z	 ⛅️ wrangler 3.114.17
2026-08-08T06:17:34.899646Z	-------------------
2026-08-08T06:17:35.460913Z	Using redirected Wrangler configuration.
2026-08-08T06:17:35.461277Z	 - Configuration being used: "../../../buildhome/repo/dist/server/wrangler.json"
2026-08-08T06:17:35.461334Z	 - Original user's configuration: "../../../buildhome/repo/wrangler.jsonc"
2026-08-08T06:17:35.461377Z	 - Deploy configuration file: "../../../buildhome/repo/.wrangler/deploy/config.json"
2026-08-08T06:17:35.835756Z	✨ Compiled Worker successfully
2026-08-08T06:17:35.952871Z	Validating asset output directory
2026-08-08T06:17:37.167202Z	Deploying your site to Cloudflare's global network...
2026-08-08T06:17:38.960845Z	Parsed 1 valid header rule.
2026-08-08T06:17:39.885112Z	Uploading... (116/119)
2026-08-08T06:17:40.436262Z	Uploading... (117/119)
2026-08-08T06:17:40.536641Z	Uploading... (118/119)
2026-08-08T06:17:40.587291Z	Uploading... (119/119)
2026-08-08T06:17:40.587614Z	✨ Success! Uploaded 3 files (116 already uploaded) (0.97 sec)
2026-08-08T06:17:40.587715Z	
2026-08-08T06:17:40.980408Z	✨ Upload complete!
2026-08-08T06:17:42.486528Z	Success: Assets published!
2026-08-08T06:17:44.876211Z	Success: Your site was deployed!